Script started on 2018-10-31 22:54:18-0400
]0;dnbr225@DESKTOP-5I65DTD: /mnt/c/Users/bdavi/Documents/School fall 2018/CS463G/Brauer-Project4[01;32mdnbr225@DESKTOP-5I65DTD[00m:[01;34m/mnt/c/Users/bdavi/Documents/School fall 2018/CS463G/Brauer-Project4[00m$ swipl
Welcome to SWI-Prolog (threaded, 64 bits, version 7.6.4)
SWI-Prolog comes with ABSOLUTELY NO WARRANTY. This is free software.
Please run ?- license. for legal details.

For online help and background, visit http://www.swi-prolog.org
For built-in help, use ?- help(Topic). or ?- apropos(Word).

?- mazepath(0,0,8,0,[[0, 1, 0, 0, 0, 0, 0, 1, 0, 0, 0, 0],[0, 1, 0, 1, 1, 1, 0, 1, 0, 1, 1,1],[0, 1, 0,  0, 0, 0, 0, 1, 0, 0, 0, 0],[0, 1, 1, 1, 0, 1, 0, 1, 1, 1, 0, 1],[0, 0, 0, 0, 0, 1, 0,0, 0, 0, 0, 1]],Pat h).[2Aconsult('Program4.pl').[K[104G 0[K
[K[2A[27G
[1mtrue.[0m

?- consult('Program4.pl').[4Gmazepath(0,0,8,0,[[0, 1, 0, 0, 0, 0, 0, 1, 0, 0, 0, 0],[0, 1, 0, 1, 1, 1, 0, 1, 0, 1, 1,1],[0, 1, 0,  0, 0, 0, 0, 1, 0, 0, 0, 0],[0, 1, 1, 1, 0, 1, 0, 1, 1, 1, 0, 1],[0, 0, 0, 0, 0, 1, 0,0, 0, 0, 0, 1]],Pat h).
[31;1mERROR: Undefined procedure: mazepath/6
ERROR:     However, there are definitions for:
ERROR:         mazepath/7
[0m[1;31mfalse.[0m

?- mazepath(0,0,8,0,[[0, 1, 0, 0, 0, 0, 0, 1, 0, 0, 0, 0],[0, 1, 0, 1, 1, 1, 0, 1, 0, 1, 1,1],[0, 1, 0,  0, 0, 0, 0, 1, 0, 0, 0, 0],[0, 1, 1, 1, 0, 1, 0, 1, 1, 1, 0, 1],[0, 0, 0, 0, 0, 1, 0,0, 0, 0, 0, 1]],Pat h).,).L).e).n).g).t).h).
Path = [[0, 0], [0, 1], [0, 2], [0, 3], [0, 4], [1, 4], [2, 4], [3|...], [...|...]|...],
Length = 205 [1m.[0m

?- mazepath(0,0,8,0,[[0, 1, 0, 0, 0, 0, 0, 1, 0, 0, 0, 0],[0, 1, 0, 1, 1, 1, 0, 1, 0, 1, 1,1],[0, 1, 0,  0, 0, 0, 0, 1, 0, 0, 0, 0],[0, 1, 1, 1, 0, 1, 0, 1, 1, 1, 0, 1],[0, 0, 0, 0, 0, 1, 0,0, 0, 0, 0, 1]],Pat h,Length).
Path = [[0, 0], [0, 1], [0, 2], [0, 3], [0, 4], [1, 4], [2, 4], [3|...], [...|...]|...],
Length = 33 [1m.[0m

?- mazepath(0,0,8,0,[[0, 1, 0, 0, 0, 0, 0, 1, 0, 0, 0, 0],[0, 1, 0, 1, 1, 1, 0, 1, 0, 1, 1,1],[0, 1, 0,  0, 0, 0, 0, 1, 0, 0, 0, 0],[0, 1, 1, 1, 0, 1, 0, 1, 1, 1, 0, 1],[0, 0, 0, 0, 0, 1, 0,0, 0, 0, 0, 1]],Pat h,Length).
Path = [[0, 0], [0, 1], [0, 2], [0, 3], [0, 4], [1, 4], [2, 4], [3|...], [...|...]|...],
Length = 117 [1m.[0m

?- mazepath(0,0,8,0,[[0, 1, 0, 0, 0, 0, 0, 1, 0, 0, 0, 0],[0, 1, 0, 1, 1, 1, 0, 1, 0, 1, 1,1],[0, 1, 0,  0, 0, 0, 0, 1, 0, 0, 0, 0],[0, 1, 1, 1, 0, 1, 0, 1, 1, 1, 0, 1],[0, 0, 0, 0, 0, 1, 0,0, 0, 0, 0, 1]],Pat h,Length).
Path = [[0, 0], [0, 1], [0, 2], [0, 3], [0, 4], [1, 4], [2, 4], [3|...], [...|...]|...],
Length = 33 [1m.[0m

?- mazepath(0,0,8,0,[[0, 1, 0, 0, 0, 0, 0, 1, 0, 0, 0, 0],[0, 1, 0, 1, 1, 1, 0, 1, 0, 1, 1,1],[0, 1, 0,  0, 0, 0, 0, 1, 0, 0, 0, 0],[0, 1, 1, 1, 0, 1, 0, 1, 1, 1, 0, 1],[0, 0, 0, 0, 0, 1, 0,0, 0, 0, 0, 1]],Pat h,Length).
Path = [[0, 0], [0, 1], [0, 2], [0, 3], [0, 4], [1, 4], [2, 4], [3|...], [...|...]|...],
Length = 295 [1m.[0m

?- ?- mazepath(0,0,3,3,[[0, 0, 0, 1, 0][22G[37G, [0, 0, 0, 0, 1][39G[54G, [1, 1, 0, 1, 0][56G[71G, [0, 0, 0, 0, 1][73G[88G, [0, 0, 1, 1, 1] [A[90G[104G] ][A[21G[104G]],Path,Length)[A[104G]][15G
|    
|    ,[K.
Path = [[0, 0], [0, 1], [1, 1], [2, 1], [3, 1], [2, 1], [2, 0], [1|...], [...|...]|...],
Length = 29 [1m.[0m

?- 
|    mazepath(0,0,3,3,[[0, 0, 0, 1, 0], [0, 0, 0, 0, 1], [1, 1, 0, 1, 0], [0, 0, 0, 0, 1], [0, 0, 1, 1,  1]],Path,Length).
Path = [[0, 0], [1, 0], [1, 1], [2, 1], [3, 1], [2, 1], [2, 2], [2|...], [...|...]|...],
Length = 27 
Unknown action:  (h for help)
Action? 
Unknown action: [ (h for help)
Action? 
Unknown action: A (h for help)
Action? [1m.[0m

?- mazepath(0,0,3,3,[[0, 0, 0, 1, 0], [0, 0, 0, 0, 1], [1, 1, 0, 1, 0], [0, 0, 0, 0, 1], [0, 0, 1, 1, 1] ],Path,Length).
Path = [[0, 0], [1, 0], [2, 0], [2, 1], [1, 1], [0, 1], [1, 1], [2|...], [...|...]|...],
Length = 31 [1m.[0m

?- mazepath(0,0,3,3,[[0, 0, 0, 1, 0], [0, 0, 0, 0, 1], [1, 1, 0, 1, 0], [0, 0, 0, 0, 1], [0, 0, 1, 1, 1] ],Path,Length).
Path = [[0, 0], [0, 1], [1, 1], [2, 1], [2, 0], [1, 0], [0, 0], [1|...], [...|...]|...],
Length = 61 [1m.[0m

?- mazepath(0,0,3,3,[[0, 0, 0, 1, 0], [0, 0, 0, 0, 1], [1, 1, 0, 1, 0], [0, 0, 0, 0, 1], [0, 0, 1, 1, 1] ],Path,Length).
Path = [[0, 0], [1, 0], [1, 1], [0, 1], [0, 0], [0, 1], [1, 1], [2|...], [...|...]|...],
Length = 27 [1m.[0m

?- mazepath(0,0,3,3,[[0, 0, 0, 1, 0], [0, 0, 0, 0, 1], [1, 1, 0, 1, 0], [0, 0, 0, 0, 1], [0, 0, 1, 1, 1] ],Path,Length).
Path = [[0, 0], [1, 0], [2, 0], [2, 1], [3, 1], [2, 1], [1, 1], [0|...], [...|...]|...],
Length = 33 [1m.[0m

?- mazepath(0,0,3,3,[[0, 0, 0, 1, 0], [0, 0, 0, 0, 1], [1, 1, 0, 1, 0], [0, 0, 0, 0, 1], [0, 0, 1, 1, 1] ],Path,Length).
Path = [[0, 0], [1, 0], [2, 0], [2, 1], [1, 1], [0, 1], [1, 1], [2|...], [...|...]|...],
Length = 11 [1m.[0m

?- mazepath(0,0,3,3,[[0, 0, 0, 1, 0][22G[37G, [0, 0, 0, 0, 1][39G[54G, [1, 1, 0, 1, 0][56G[71G, [0, 0, 0, 0, 1][73G[88G, [0, 0, 1, 1, 1] [A[90G[104G] ][A[21G[104G]],Path,Length)[A[104G]][15G.
Path = [[0, 0], [0, 1], [1, 1], [2, 1], [3, 1], [2, 1], [2, 0], [1|...], [...|...]|...],
Length = 33 [1m.[0m

?- 
|    mazepath(0,0,3,3,[[0, 0, 0, 1, 0], [0, 0, 0, 0, 1], [1, 1, 0, 1, 0], [0, 0, 0, 0, 1], [0, 0, 1, 1,  1]],Path,Length).
Path = [[0, 0], [1, 0], [1, 1], [2, 1], [2, 0], [1, 0], [0, 0], [0|...], [...|...]|...],
Length = 37 [1m.[0m

?- mazepath(0,0,3,3,[[0, 0, 0, 1, 0], [0, 0, 0, 0, 1], [1, 1, 0, 1, 0], [0, 0, 0, 0, 1], [0, 0, 1, 1, 1] ],Path,Length).
Path = [[0, 0], [1, 0], [2, 0], [2, 1], [1, 1], [0, 1], [1, 1], [1|...], [...|...]|...],
Length = 21 [1m.[0m

?- mazepath(0,0,3,3,[[0, 0, 0, 1, 0], [0, 0, 0, 0, 1], [1, 1, 0, 1, 0], [0, 0, 0, 0, 1], [0, 0, 1, 1, 1] ],Path,Length).
Path = [[0, 0], [0, 1], [1, 1], [2, 1], [3, 1], [2, 1], [2, 0], [1|...], [...|...]|...],
Length = 43 [1m.[0m

?- mazepath(0,0,3,3,[[0, 0, 0, 1, 0], [0, 0, 0, 0, 1], [1, 1, 0, 1, 0], [0, 0, 0, 0, 1], [0, 0, 1, 1, 1] ],Path,Length).
Path = [[0, 0], [1, 0], [2, 0], [2, 1], [3, 1], [2, 1], [2, 2], [2|...], [...|...]|...],
Length = 35 [1m.[0m

?- ^C
^C

WARNING: By typing Control-C twice, you have forced an asynchronous
WARNING: interrupt.  Your only SAFE operations are: c(ontinue), p(id),
WARNING: s(stack) and e(xit).  Notably a(abort) often works, but
WARNING: leaves the system in an UNSTABLE state

Action (h for help) ? exit
]0;dnbr225@DESKTOP-5I65DTD: /mnt/c/Users/bdavi/Documents/School fall 2018/CS463G/Brauer-Project4[01;32mdnbr225@DESKTOP-5I65DTD[00m:[01;34m/mnt/c/Users/bdavi/Documents/School fall 2018/CS463G/Brauer-Project4[00m$ exit

Script done on 2018-10-31 22:56:15-0400
